../Core/Src/main.c:142:6:play_sound	24	static
../Core/Src/main.c:155:6:set_random_frequency	24	static
../Core/Src/main.c:182:11:analyze_frequency	4696	static
../Core/Src/main.c:377:6:debug_harmonic_analysis	640	static
../Core/Src/main.c:467:6:send_msg	16	static
../Core/Src/main.c:472:6:init_console	112	static
../Core/Src/main.c:535:6:test_screen	216	static
../Core/Src/main.c:564:6:clear_screen	16	static
../Core/Src/main.c:574:6:print_to_line	40	static
../Core/Src/main.c:589:6:print_screen	136	static
../Core/Src/main.c:615:6:center_text	24	static
../Core/Src/main.c:623:6:print_horizontal_line	24	static
../Core/Src/main.c:630:6:menu_screen	24	static
../Core/Src/main.c:656:6:play_tone_screen	64	static
../Core/Src/main.c:675:6:wait_for_record_screen	8	static
../Core/Src/main.c:692:6:record_sound_screen	56	static
../Core/Src/main.c:716:6:analyze_recording_screen	64	static
../Core/Src/main.c:739:6:playback_sound_screen	64	static
../Core/Src/main.c:762:6:show_result_screen	232	static
../Core/Src/main.c:811:6:HAL_UART_RxCpltCallback	24	static
../Core/Src/main.c:831:6:process_uart_command	88	static
../Core/Src/main.c:878:5:main	24	static
../Core/Src/main.c:1059:6:SystemClock_Config	96	static
../Core/Src/main.c:1110:13:MX_DAC1_Init	48	static
../Core/Src/main.c:1154:13:MX_DFSDM1_Init	8	static
../Core/Src/main.c:1207:13:MX_TIM2_Init	40	static
../Core/Src/main.c:1252:13:MX_USART1_UART_Init	8	static
../Core/Src/main.c:1298:13:MX_DMA_Init	16	static
../Core/Src/main.c:1320:13:MX_GPIO_Init	48	static
../Core/Src/main.c:1357:6:HAL_GPIO_EXTI_Callback	16	static
../Core/Src/main.c:1362:6:HAL_DFSDM_FilterRegConvCpltCallback	40	static
../Core/Src/main.c:1399:6:Error_Handler	4	static,ignoring_inline_asm
